Welcome to Stinsford, where Thomas Hardy was born in 1840.
